== Secret scan ==
check-secrets: OK (1107 tracked/non-ignored files scanned)
== Prepare submodules ==
== Configure CMake (Release) ==
-- APM44 build id: 0.1.1+4fd2f6d43cf7-dirty
CMake Deprecation Warning at third_party/libsamplerate/CMakeLists.txt:1 (cmake_minimum_required):
  Compatibility with CMake < 3.10 will be removed from a future version of
  CMake.

  Update the VERSION argument <min> value.  Or, use the <min>...<max> syntax
  to tell CMake that the project requires at least <min> but has been updated
  to work with policies introduced by <max> or earlier.


CMake Deprecation Warning at third_party/libsamplerate/CMakeLists.txt:16 (cmake_policy):
  The OLD behavior for policy CMP0091 will be removed from a future version
  of CMake.

  The cmake-policies(7) manual explains that the OLD behaviors of all
  policies are deprecated and that a policy should be set to OLD only under
  specific short-term circumstances.  Projects should be ported to the NEW
  behavior and not rely on setting a policy to OLD.


-- Checking processor clipping capabilities...
-- Checking processor clipping capabilities... none
-- Detected version tag from git: 3.1.2
-- Detected CMAKE_OSX_SYSROOT: /Applications/Xcode.app/Contents/Developer/Platforms/MacOSX.platform/Developer/SDKs/MacOSX.sdk
CMake Warning (dev) at third_party/libASPL/CMakeLists.txt:104 (add_custom_command):
  Exactly one of PRE_BUILD, PRE_LINK, or POST_BUILD must be given.  Assuming
  POST_BUILD to preserve backward compatibility.

  Policy CMP0175 is not set: add_custom_command() rejects invalid arguments.
  Run "cmake --help-policy CMP0175" for policy details.  Use the cmake_policy
  command to set the policy and suppress this warning.
This warning is for project developers.  Use -Wno-dev to suppress it.

CMake Warning (dev) at third_party/libASPL/CMakeLists.txt:104 (add_custom_command):
  Exactly one of PRE_BUILD, PRE_LINK, or POST_BUILD must be given.  Assuming
  POST_BUILD to preserve backward compatibility.

  Policy CMP0175 is not set: add_custom_command() rejects invalid arguments.
  Run "cmake --help-policy CMP0175" for policy details.  Use the cmake_policy
  command to set the policy and suppress this warning.
This warning is for project developers.  Use -Wno-dev to suppress it.

CMake Warning (dev) at third_party/libASPL/CMakeLists.txt:104 (add_custom_command):
  Exactly one of PRE_BUILD, PRE_LINK, or POST_BUILD must be given.  Assuming
  POST_BUILD to preserve backward compatibility.

  Policy CMP0175 is not set: add_custom_command() rejects invalid arguments.
  Run "cmake --help-policy CMP0175" for policy details.  Use the cmake_policy
  command to set the policy and suppress this warning.
This warning is for project developers.  Use -Wno-dev to suppress it.

CMake Warning (dev) at third_party/libASPL/CMakeLists.txt:104 (add_custom_command):
  Exactly one of PRE_BUILD, PRE_LINK, or POST_BUILD must be given.  Assuming
  POST_BUILD to preserve backward compatibility.

  Policy CMP0175 is not set: add_custom_command() rejects invalid arguments.
  Run "cmake --help-policy CMP0175" for policy details.  Use the cmake_policy
  command to set the policy and suppress this warning.
This warning is for project developers.  Use -Wno-dev to suppress it.

CMake Warning (dev) at third_party/libASPL/CMakeLists.txt:104 (add_custom_command):
  Exactly one of PRE_BUILD, PRE_LINK, or POST_BUILD must be given.  Assuming
  POST_BUILD to preserve backward compatibility.

  Policy CMP0175 is not set: add_custom_command() rejects invalid arguments.
  Run "cmake --help-policy CMP0175" for policy details.  Use the cmake_policy
  command to set the policy and suppress this warning.
This warning is for project developers.  Use -Wno-dev to suppress it.

CMake Warning (dev) at third_party/libASPL/CMakeLists.txt:104 (add_custom_command):
  Exactly one of PRE_BUILD, PRE_LINK, or POST_BUILD must be given.  Assuming
  POST_BUILD to preserve backward compatibility.

  Policy CMP0175 is not set: add_custom_command() rejects invalid arguments.
  Run "cmake --help-policy CMP0175" for policy details.  Use the cmake_policy
  command to set the policy and suppress this warning.
This warning is for project developers.  Use -Wno-dev to suppress it.

CMake Warning (dev) at third_party/libASPL/CMakeLists.txt:127 (add_custom_command):
  Exactly one of PRE_BUILD, PRE_LINK, or POST_BUILD must be given.  Assuming
  POST_BUILD to preserve backward compatibility.

  Policy CMP0175 is not set: add_custom_command() rejects invalid arguments.
  Run "cmake --help-policy CMP0175" for policy details.  Use the cmake_policy
  command to set the policy and suppress this warning.
This warning is for project developers.  Use -Wno-dev to suppress it.

CMake Warning (dev) at third_party/libASPL/CMakeLists.txt:148 (add_custom_command):
  Exactly one of PRE_BUILD, PRE_LINK, or POST_BUILD must be given.  Assuming
  POST_BUILD to preserve backward compatibility.

  Policy CMP0175 is not set: add_custom_command() rejects invalid arguments.
  Run "cmake --help-policy CMP0175" for policy details.  Use the cmake_policy
  command to set the policy and suppress this warning.
This warning is for project developers.  Use -Wno-dev to suppress it.

-- Configuring done (0.4s)
-- Generating done (0.1s)
-- Build files have been written to: /Users/niko/apm44-bridge/build
== Build native targets ==
[  3%] Built target samplerate
[  6%] Built target apm44_shared
[  7%] Built target apm44-hal-smoke
[  9%] Built target apm44-soak
[ 14%] Built target apm44-bridge
[ 25%] Built target libASPL
[ 26%] Built target APM44Bridge
[ 76%] Built target Catch2
[ 77%] Built target Catch2WithMain
[ 78%] Built target test_hal_driver_contract
[ 79%] Built target test_libsamplerate_smoke
[ 80%] Built target test_audio_formats
[ 81%] Built target test_planar_ring_buffer
[ 82%] Built target test_virtual_prebuffer_gate
[ 83%] Built target test_mmap_shm_ring
[ 84%] Built target test_input_frame_demand
[ 84%] Built target test_io_proc_callbacks
[ 85%] Built target test_drift_controller
[ 86%] Built target test_shm_object_identity
[ 87%] Built target test_mmap_shm_validation
[ 88%] Built target test_hardening_audit
[ 91%] Built target test_bridge_metrics_json
[ 91%] Built target test_virtual_device_feed
[ 92%] Built target test_shm_stale_recovery
[ 94%] Built target test_lib_samplerate_src
[ 95%] Built target test_audio_converter_src
[ 97%] Built target test_device_enumerator
[ 99%] Built target test_soak_offline
[100%] Built target test_shm_io_handler
== Native tests ==
Test project /Users/niko/apm44-bridge/build
      Start  1: test_audio_formats
 1/20 Test  #1: test_audio_formats ...............   Passed    0.00 sec
      Start  2: test_hal_driver_contract
 2/20 Test  #2: test_hal_driver_contract .........   Passed    0.00 sec
      Start  3: test_device_enumerator
 3/20 Test  #3: test_device_enumerator ...........   Passed    0.00 sec
      Start  4: test_planar_ring_buffer
 4/20 Test  #4: test_planar_ring_buffer ..........   Passed    0.00 sec
      Start  5: test_input_frame_demand
 5/20 Test  #5: test_input_frame_demand ..........   Passed    0.00 sec
      Start  6: test_virtual_prebuffer_gate
 6/20 Test  #6: test_virtual_prebuffer_gate ......   Passed    0.00 sec
      Start  7: test_audio_converter_src
 7/20 Test  #7: test_audio_converter_src .........   Passed    0.01 sec
      Start  8: test_libsamplerate_smoke
 8/20 Test  #8: test_libsamplerate_smoke .........   Passed    0.00 sec
      Start  9: test_drift_controller
 9/20 Test  #9: test_drift_controller ............   Passed    0.00 sec
      Start 10: test_lib_samplerate_src
10/20 Test #10: test_lib_samplerate_src ..........   Passed    0.01 sec
      Start 11: test_soak_offline
11/20 Test #11: test_soak_offline ................   Passed    0.02 sec
      Start 12: test_bridge_metrics_json
12/20 Test #12: test_bridge_metrics_json .........   Passed    0.06 sec
      Start 13: test_mmap_shm_ring
13/20 Test #13: test_mmap_shm_ring ...............   Passed    0.00 sec
      Start 14: test_shm_object_identity
14/20 Test #14: test_shm_object_identity .........   Passed    0.00 sec
      Start 15: test_shm_io_handler
15/20 Test #15: test_shm_io_handler ..............   Passed    0.00 sec
      Start 16: test_virtual_device_feed
16/20 Test #16: test_virtual_device_feed .........   Passed    0.00 sec
      Start 17: test_io_proc_callbacks
17/20 Test #17: test_io_proc_callbacks ...........   Passed    0.00 sec
      Start 18: test_mmap_shm_validation
18/20 Test #18: test_mmap_shm_validation .........   Passed    0.00 sec
      Start 19: test_hardening_audit
19/20 Test #19: test_hardening_audit .............   Passed    0.00 sec
      Start 20: test_shm_stale_recovery
20/20 Test #20: test_shm_stale_recovery ..........   Passed    0.00 sec

100% tests passed, 0 tests failed out of 20

Total Test time (real) =   0.13 sec
== Swift app build ==
Generating Xcode project...
⚙️  Generating plists...
⚙️  Generating project...
⚙️  Writing project...
Created project at /Users/niko/apm44-bridge/App/APM44Bridge.xcodeproj
Command line invocation:
    /Applications/Xcode.app/Contents/Developer/usr/bin/xcodebuild -project App/APM44Bridge.xcodeproj -scheme APM44Bridge -configuration Debug build CODE_SIGNING_ALLOWED=NO

Build settings from command line:
    CODE_SIGNING_ALLOWED = NO

--- xcodebuild: WARNING: Using the first of multiple matching destinations:
{ platform:macOS, arch:arm64, id:00006050-000310590C89401C, name:My Mac }
{ platform:macOS, arch:x86_64, id:00006050-000310590C89401C, name:My Mac }
{ platform:macOS, name:Any Mac }
ComputePackagePrebuildTargetDependencyGraph

Prepare packages

CreateBuildRequest

SendProjectDescription

CreateBuildOperation

ComputeTargetDependencyGraph
note: Building targets in dependency order
note: Target dependency graph (1 target)
    Target 'APM44Bridge' in project 'APM44Bridge' (no dependencies)

GatherProvisioningInputs

CreateBuildDescription

ClangStatCache /Applications/Xcode.app/Contents/Developer/Toolchains/XcodeDefault.xctoolchain/usr/bin/clang-stat-cache /Applications/Xcode.app/Contents/Developer/Platforms/MacOSX.platform/Developer/SDKs/MacOSX26.5.sdk /Users/niko/Library/Developer/Xcode/DerivedData/SDKStatCaches.noindex/macosx26.5-25F70-e082c4a02f00227109f4ed75e425c832.sdkstatcache
    cd /Users/niko/apm44-bridge/App/APM44Bridge.xcodeproj
    /Applications/Xcode.app/Contents/Developer/Toolchains/XcodeDefault.xctoolchain/usr/bin/clang-stat-cache /Applications/Xcode.app/Contents/Developer/Platforms/MacOSX.platform/Developer/SDKs/MacOSX26.5.sdk -o /Users/niko/Library/Developer/Xcode/DerivedData/SDKStatCaches.noindex/macosx26.5-25F70-e082c4a02f00227109f4ed75e425c832.sdkstatcache

ProcessInfoPlistFile /Users/niko/Library/Developer/Xcode/DerivedData/APM44Bridge-aqjoooamxkcggabnkfnvyeriywgd/Build/Products/Debug/APM44\ Bridge.app/Contents/Info.plist /Users/niko/Library/Developer/Xcode/DerivedData/APM44Bridge-aqjoooamxkcggabnkfnvyeriywgd/Build/Intermediates.noindex/APM44Bridge.build/Debug/APM44Bridge.build/empty-APM44\ Bridge.plist (in target 'APM44Bridge' from project 'APM44Bridge')
    cd /Users/niko/apm44-bridge/App
    builtin-infoPlistUtility /Users/niko/Library/Developer/Xcode/DerivedData/APM44Bridge-aqjoooamxkcggabnkfnvyeriywgd/Build/Intermediates.noindex/APM44Bridge.build/Debug/APM44Bridge.build/empty-APM44\ Bridge.plist -producttype com.apple.product-type.application -genpkginfo /Users/niko/Library/Developer/Xcode/DerivedData/APM44Bridge-aqjoooamxkcggabnkfnvyeriywgd/Build/Products/Debug/APM44\ Bridge.app/Contents/PkgInfo -expandbuildsettings -platform macosx -o /Users/niko/Library/Developer/Xcode/DerivedData/APM44Bridge-aqjoooamxkcggabnkfnvyeriywgd/Build/Products/Debug/APM44\ Bridge.app/Contents/Info.plist

CopySwiftLibs /Users/niko/Library/Developer/Xcode/DerivedData/APM44Bridge-aqjoooamxkcggabnkfnvyeriywgd/Build/Products/Debug/APM44\ Bridge.app (in target 'APM44Bridge' from project 'APM44Bridge')
    cd /Users/niko/apm44-bridge/App
    builtin-swiftStdLibTool --copy --verbose --scan-executable /Users/niko/Library/Developer/Xcode/DerivedData/APM44Bridge-aqjoooamxkcggabnkfnvyeriywgd/Build/Products/Debug/APM44\ Bridge.app/Contents/MacOS/APM44\ Bridge.debug.dylib --scan-folder /Users/niko/Library/Developer/Xcode/DerivedData/APM44Bridge-aqjoooamxkcggabnkfnvyeriywgd/Build/Products/Debug/APM44\ Bridge.app/Contents/Frameworks --scan-folder /Users/niko/Library/Developer/Xcode/DerivedData/APM44Bridge-aqjoooamxkcggabnkfnvyeriywgd/Build/Products/Debug/APM44\ Bridge.app/Contents/PlugIns --scan-folder /Users/niko/Library/Developer/Xcode/DerivedData/APM44Bridge-aqjoooamxkcggabnkfnvyeriywgd/Build/Products/Debug/APM44\ Bridge.app/Contents/Library/SystemExtensions --scan-folder /Users/niko/Library/Developer/Xcode/DerivedData/APM44Bridge-aqjoooamxkcggabnkfnvyeriywgd/Build/Products/Debug/APM44\ Bridge.app/Contents/Extensions --platform macosx --toolchain /Applications/Xcode.app/Contents/Developer/Toolchains/XcodeDefault.xctoolchain --destination /Users/niko/Library/Developer/Xcode/DerivedData/APM44Bridge-aqjoooamxkcggabnkfnvyeriywgd/Build/Products/Debug/APM44\ Bridge.app/Contents/Frameworks --strip-bitcode --strip-bitcode-tool /Applications/Xcode.app/Contents/Developer/Toolchains/XcodeDefault.xctoolchain/usr/bin/bitcode_strip --emit-dependency-info /Users/niko/Library/Developer/Xcode/DerivedData/APM44Bridge-aqjoooamxkcggabnkfnvyeriywgd/Build/Intermediates.noindex/APM44Bridge.build/Debug/APM44Bridge.build/SwiftStdLibToolInputDependencies.dep --filter-for-swift-os --back-deploy-swift-span
Ignoring --strip-bitcode because --sign was not passed

Validate /Users/niko/Library/Developer/Xcode/DerivedData/APM44Bridge-aqjoooamxkcggabnkfnvyeriywgd/Build/Products/Debug/APM44\ Bridge.app (in target 'APM44Bridge' from project 'APM44Bridge')
    cd /Users/niko/apm44-bridge/App
    builtin-validationUtility /Users/niko/Library/Developer/Xcode/DerivedData/APM44Bridge-aqjoooamxkcggabnkfnvyeriywgd/Build/Products/Debug/APM44\ Bridge.app -no-validate-extension -infoplist-subpath Contents/Info.plist

RegisterWithLaunchServices /Users/niko/Library/Developer/Xcode/DerivedData/APM44Bridge-aqjoooamxkcggabnkfnvyeriywgd/Build/Products/Debug/APM44\ Bridge.app (in target 'APM44Bridge' from project 'APM44Bridge')
    cd /Users/niko/apm44-bridge/App
    /System/Library/Frameworks/CoreServices.framework/Versions/Current/Frameworks/LaunchServices.framework/Versions/Current/Support/lsregister -f -R -trusted /Users/niko/Library/Developer/Xcode/DerivedData/APM44Bridge-aqjoooamxkcggabnkfnvyeriywgd/Build/Products/Debug/APM44\ Bridge.app

note: Removed stale file '/Users/niko/Library/Developer/Xcode/DerivedData/APM44Bridge-aqjoooamxkcggabnkfnvyeriywgd/Build/Products/Debug/APM44 Bridge.app/Contents/Frameworks'

note: Removed stale file '/Users/niko/Library/Developer/Xcode/DerivedData/APM44Bridge-aqjoooamxkcggabnkfnvyeriywgd/Build/Products/Debug/APM44 Bridge.app/Contents/PlugIns'

** BUILD SUCCEEDED **

== Swift unit tests ==
Command line invocation:
    /Applications/Xcode.app/Contents/Developer/usr/bin/xcodebuild -project App/APM44Bridge.xcodeproj -scheme APM44Bridge -destination platform=macOS test "-only-testing:APM44BridgeTests" CODE_SIGNING_ALLOWED=NO

Build settings from command line:
    CODE_SIGNING_ALLOWED = NO

--- xcodebuild: WARNING: Using the first of multiple matching destinations:
{ platform:macOS, arch:arm64, id:00006050-000310590C89401C, name:My Mac }
{ platform:macOS, arch:x86_64, id:00006050-000310590C89401C, name:My Mac }
ComputePackagePrebuildTargetDependencyGraph

Prepare packages

CreateBuildRequest

SendProjectDescription

CreateBuildOperation

ComputeTargetDependencyGraph
note: Building targets in dependency order
note: Target dependency graph (2 targets)
    Target 'APM44BridgeTests' in project 'APM44Bridge'
        ➜ Explicit dependency on target 'APM44Bridge' in project 'APM44Bridge'
    Target 'APM44Bridge' in project 'APM44Bridge' (no dependencies)

GatherProvisioningInputs

CreateBuildDescription

ClangStatCache /Applications/Xcode.app/Contents/Developer/Toolchains/XcodeDefault.xctoolchain/usr/bin/clang-stat-cache /Applications/Xcode.app/Contents/Developer/Platforms/MacOSX.platform/Developer/SDKs/MacOSX26.5.sdk /Users/niko/Library/Developer/Xcode/DerivedData/SDKStatCaches.noindex/macosx26.5-25F70-e082c4a02f00227109f4ed75e425c832.sdkstatcache
    cd /Users/niko/apm44-bridge/App/APM44Bridge.xcodeproj
    /Applications/Xcode.app/Contents/Developer/Toolchains/XcodeDefault.xctoolchain/usr/bin/clang-stat-cache /Applications/Xcode.app/Contents/Developer/Platforms/MacOSX.platform/Developer/SDKs/MacOSX26.5.sdk -o /Users/niko/Library/Developer/Xcode/DerivedData/SDKStatCaches.noindex/macosx26.5-25F70-e082c4a02f00227109f4ed75e425c832.sdkstatcache

MkDir /Users/niko/Library/Developer/Xcode/DerivedData/APM44Bridge-aqjoooamxkcggabnkfnvyeriywgd/Build/Products/Debug/APM44\ Bridge.app/Contents/PlugIns/APM44BridgeTests.xctest (in target 'APM44BridgeTests' from project 'APM44Bridge')
    cd /Users/niko/apm44-bridge/App
    /bin/mkdir -p /Users/niko/Library/Developer/Xcode/DerivedData/APM44Bridge-aqjoooamxkcggabnkfnvyeriywgd/Build/Products/Debug/APM44\ Bridge.app/Contents/PlugIns/APM44BridgeTests.xctest

MkDir /Users/niko/Library/Developer/Xcode/DerivedData/APM44Bridge-aqjoooamxkcggabnkfnvyeriywgd/Build/Products/Debug/APM44\ Bridge.app/Contents/PlugIns/APM44BridgeTests.xctest/Contents (in target 'APM44BridgeTests' from project 'APM44Bridge')
    cd /Users/niko/apm44-bridge/App
    /bin/mkdir -p /Users/niko/Library/Developer/Xcode/DerivedData/APM44Bridge-aqjoooamxkcggabnkfnvyeriywgd/Build/Products/Debug/APM44\ Bridge.app/Contents/PlugIns/APM44BridgeTests.xctest/Contents

MkDir /Users/niko/Library/Developer/Xcode/DerivedData/APM44Bridge-aqjoooamxkcggabnkfnvyeriywgd/Build/Products/Debug/APM44\ Bridge.app/Contents/PlugIns/APM44BridgeTests.xctest/Contents/MacOS (in target 'APM44BridgeTests' from project 'APM44Bridge')
    cd /Users/niko/apm44-bridge/App
    /bin/mkdir -p /Users/niko/Library/Developer/Xcode/DerivedData/APM44Bridge-aqjoooamxkcggabnkfnvyeriywgd/Build/Products/Debug/APM44\ Bridge.app/Contents/PlugIns/APM44BridgeTests.xctest/Contents/MacOS

MkDir /Users/niko/Library/Developer/Xcode/DerivedData/APM44Bridge-aqjoooamxkcggabnkfnvyeriywgd/Build/Products/Debug/APM44\ Bridge.app/Contents/PlugIns (in target 'APM44Bridge' from project 'APM44Bridge')
    cd /Users/niko/apm44-bridge/App
    /bin/mkdir -p /Users/niko/Library/Developer/Xcode/DerivedData/APM44Bridge-aqjoooamxkcggabnkfnvyeriywgd/Build/Products/Debug/APM44\ Bridge.app/Contents/PlugIns

MkDir /Users/niko/Library/Developer/Xcode/DerivedData/APM44Bridge-aqjoooamxkcggabnkfnvyeriywgd/Build/Products/Debug/APM44\ Bridge.app/Contents/Frameworks (in target 'APM44Bridge' from project 'APM44Bridge')
    cd /Users/niko/apm44-bridge/App
    /bin/mkdir -p /Users/niko/Library/Developer/Xcode/DerivedData/APM44Bridge-aqjoooamxkcggabnkfnvyeriywgd/Build/Products/Debug/APM44\ Bridge.app/Contents/Frameworks

Copy /Users/niko/Library/Developer/Xcode/DerivedData/APM44Bridge-aqjoooamxkcggabnkfnvyeriywgd/Build/Products/Debug/APM44\ Bridge.app/Contents/Frameworks/Testing.framework /Applications/Xcode.app/Contents/Developer/Platforms/MacOSX.platform/Developer/Library/Frameworks/Testing.framework (in target 'APM44Bridge' from project 'APM44Bridge')
    cd /Users/niko/apm44-bridge/App
    builtin-copy -exclude .DS_Store -exclude CVS -exclude .svn -exclude .git -exclude .hg -exclude Headers -exclude PrivateHeaders -exclude Modules -exclude \*.tbd -resolve-src-symlinks /Applications/Xcode.app/Contents/Developer/Platforms/MacOSX.platform/Developer/Library/Frameworks/Testing.framework /Users/niko/Library/Developer/Xcode/DerivedData/APM44Bridge-aqjoooamxkcggabnkfnvyeriywgd/Build/Products/Debug/APM44\ Bridge.app/Contents/Frameworks

Copy /Users/niko/Library/Developer/Xcode/DerivedData/APM44Bridge-aqjoooamxkcggabnkfnvyeriywgd/Build/Products/Debug/APM44\ Bridge.app/Contents/Frameworks/XCTAutomationSupport.framework /Applications/Xcode.app/Contents/Developer/Platforms/MacOSX.platform/Developer/Library/PrivateFrameworks/XCTAutomationSupport.framework (in target 'APM44Bridge' from project 'APM44Bridge')
    cd /Users/niko/apm44-bridge/App
    builtin-copy -exclude .DS_Store -exclude CVS -exclude .svn -exclude .git -exclude .hg -exclude Headers -exclude PrivateHeaders -exclude Modules -exclude \*.tbd -resolve-src-symlinks /Applications/Xcode.app/Contents/Developer/Platforms/MacOSX.platform/Developer/Library/PrivateFrameworks/XCTAutomationSupport.framework /Users/niko/Library/Developer/Xcode/DerivedData/APM44Bridge-aqjoooamxkcggabnkfnvyeriywgd/Build/Products/Debug/APM44\ Bridge.app/Contents/Frameworks

Copy /Users/niko/Library/Developer/Xcode/DerivedData/APM44Bridge-aqjoooamxkcggabnkfnvyeriywgd/Build/Products/Debug/APM44\ Bridge.app/Contents/Frameworks/XCTestCore.framework /Applications/Xcode.app/Contents/Developer/Platforms/MacOSX.platform/Developer/Library/PrivateFrameworks/XCTestCore.framework (in target 'APM44Bridge' from project 'APM44Bridge')
    cd /Users/niko/apm44-bridge/App
    builtin-copy -exclude .DS_Store -exclude CVS -exclude .svn -exclude .git -exclude .hg -exclude Headers -exclude PrivateHeaders -exclude Modules -exclude \*.tbd -resolve-src-symlinks /Applications/Xcode.app/Contents/Developer/Platforms/MacOSX.platform/Developer/Library/PrivateFrameworks/XCTestCore.framework /Users/niko/Library/Developer/Xcode/DerivedData/APM44Bridge-aqjoooamxkcggabnkfnvyeriywgd/Build/Products/Debug/APM44\ Bridge.app/Contents/Frameworks

ProcessInfoPlistFile /Users/niko/Library/Developer/Xcode/DerivedData/APM44Bridge-aqjoooamxkcggabnkfnvyeriywgd/Build/Products/Debug/APM44\ Bridge.app/Contents/Info.plist /Users/niko/Library/Developer/Xcode/DerivedData/APM44Bridge-aqjoooamxkcggabnkfnvyeriywgd/Build/Intermediates.noindex/APM44Bridge.build/Debug/APM44Bridge.build/empty-APM44\ Bridge.plist (in target 'APM44Bridge' from project 'APM44Bridge')
    cd /Users/niko/apm44-bridge/App
    builtin-infoPlistUtility /Users/niko/Library/Developer/Xcode/DerivedData/APM44Bridge-aqjoooamxkcggabnkfnvyeriywgd/Build/Intermediates.noindex/APM44Bridge.build/Debug/APM44Bridge.build/empty-APM44\ Bridge.plist -producttype com.apple.product-type.application -genpkginfo /Users/niko/Library/Developer/Xcode/DerivedData/APM44Bridge-aqjoooamxkcggabnkfnvyeriywgd/Build/Products/Debug/APM44\ Bridge.app/Contents/PkgInfo -expandbuildsettings -platform macosx -o /Users/niko/Library/Developer/Xcode/DerivedData/APM44Bridge-aqjoooamxkcggabnkfnvyeriywgd/Build/Products/Debug/APM44\ Bridge.app/Contents/Info.plist

Copy /Users/niko/Library/Developer/Xcode/DerivedData/APM44Bridge-aqjoooamxkcggabnkfnvyeriywgd/Build/Products/Debug/APM44\ Bridge.app/Contents/Frameworks/XCTest.framework /Applications/Xcode.app/Contents/Developer/Platforms/MacOSX.platform/Developer/Library/Frameworks/XCTest.framework (in target 'APM44Bridge' from project 'APM44Bridge')
    cd /Users/niko/apm44-bridge/App
    builtin-copy -exclude .DS_Store -exclude CVS -exclude .svn -exclude .git -exclude .hg -exclude Headers -exclude PrivateHeaders -exclude Modules -exclude \*.tbd -resolve-src-symlinks /Applications/Xcode.app/Contents/Developer/Platforms/MacOSX.platform/Developer/Library/Frameworks/XCTest.framework /Users/niko/Library/Developer/Xcode/DerivedData/APM44Bridge-aqjoooamxkcggabnkfnvyeriywgd/Build/Products/Debug/APM44\ Bridge.app/Contents/Frameworks

Copy /Users/niko/Library/Developer/Xcode/DerivedData/APM44Bridge-aqjoooamxkcggabnkfnvyeriywgd/Build/Products/Debug/APM44\ Bridge.app/Contents/Frameworks/libXCTestBundleInject.dylib /Applications/Xcode.app/Contents/Developer/Platforms/MacOSX.platform/Developer/usr/lib/libXCTestBundleInject.dylib (in target 'APM44Bridge' from project 'APM44Bridge')
    cd /Users/niko/apm44-bridge/App
    builtin-copy -exclude .DS_Store -exclude CVS -exclude .svn -exclude .git -exclude .hg -exclude Headers -exclude PrivateHeaders -exclude Modules -exclude \*.tbd -resolve-src-symlinks /Applications/Xcode.app/Contents/Developer/Platforms/MacOSX.platform/Developer/usr/lib/libXCTestBundleInject.dylib /Users/niko/Library/Developer/Xcode/DerivedData/APM44Bridge-aqjoooamxkcggabnkfnvyeriywgd/Build/Products/Debug/APM44\ Bridge.app/Contents/Frameworks

Copy /Users/niko/Library/Developer/Xcode/DerivedData/APM44Bridge-aqjoooamxkcggabnkfnvyeriywgd/Build/Products/Debug/APM44\ Bridge.app/Contents/Frameworks/libXCTestSwiftSupport.dylib /Applications/Xcode.app/Contents/Developer/Platforms/MacOSX.platform/Developer/usr/lib/libXCTestSwiftSupport.dylib (in target 'APM44Bridge' from project 'APM44Bridge')
    cd /Users/niko/apm44-bridge/App
    builtin-copy -exclude .DS_Store -exclude CVS -exclude .svn -exclude .git -exclude .hg -exclude Headers -exclude PrivateHeaders -exclude Modules -exclude \*.tbd -resolve-src-symlinks /Applications/Xcode.app/Contents/Developer/Platforms/MacOSX.platform/Developer/usr/lib/libXCTestSwiftSupport.dylib /Users/niko/Library/Developer/Xcode/DerivedData/APM44Bridge-aqjoooamxkcggabnkfnvyeriywgd/Build/Products/Debug/APM44\ Bridge.app/Contents/Frameworks

Copy /Users/niko/Library/Developer/Xcode/DerivedData/APM44Bridge-aqjoooamxkcggabnkfnvyeriywgd/Build/Products/Debug/APM44\ Bridge.app/Contents/Frameworks/XCUIAutomation.framework /Applications/Xcode.app/Contents/Developer/Platforms/MacOSX.platform/Developer/Library/Frameworks/XCUIAutomation.framework (in target 'APM44Bridge' from project 'APM44Bridge')
    cd /Users/niko/apm44-bridge/App
    builtin-copy -exclude .DS_Store -exclude CVS -exclude .svn -exclude .git -exclude .hg -exclude Headers -exclude PrivateHeaders -exclude Modules -exclude \*.tbd -resolve-src-symlinks /Applications/Xcode.app/Contents/Developer/Platforms/MacOSX.platform/Developer/Library/Frameworks/XCUIAutomation.framework /Users/niko/Library/Developer/Xcode/DerivedData/APM44Bridge-aqjoooamxkcggabnkfnvyeriywgd/Build/Products/Debug/APM44\ Bridge.app/Contents/Frameworks

Copy /Users/niko/Library/Developer/Xcode/DerivedData/APM44Bridge-aqjoooamxkcggabnkfnvyeriywgd/Build/Products/Debug/APM44\ Bridge.app/Contents/Frameworks/XCUnit.framework /Applications/Xcode.app/Contents/Developer/Platforms/MacOSX.platform/Developer/Library/PrivateFrameworks/XCUnit.framework (in target 'APM44Bridge' from project 'APM44Bridge')
    cd /Users/niko/apm44-bridge/App
    builtin-copy -exclude .DS_Store -exclude CVS -exclude .svn -exclude .git -exclude .hg -exclude Headers -exclude PrivateHeaders -exclude Modules -exclude \*.tbd -resolve-src-symlinks /Applications/Xcode.app/Contents/Developer/Platforms/MacOSX.platform/Developer/Library/PrivateFrameworks/XCUnit.framework /Users/niko/Library/Developer/Xcode/DerivedData/APM44Bridge-aqjoooamxkcggabnkfnvyeriywgd/Build/Products/Debug/APM44\ Bridge.app/Contents/Frameworks

Copy /Users/niko/Library/Developer/Xcode/DerivedData/APM44Bridge-aqjoooamxkcggabnkfnvyeriywgd/Build/Products/Debug/APM44\ Bridge.app/Contents/Frameworks/XCTestSupport.framework /Applications/Xcode.app/Contents/Developer/Platforms/MacOSX.platform/Developer/Library/PrivateFrameworks/XCTestSupport.framework (in target 'APM44Bridge' from project 'APM44Bridge')
    cd /Users/niko/apm44-bridge/App
    builtin-copy -exclude .DS_Store -exclude CVS -exclude .svn -exclude .git -exclude .hg -exclude Headers -exclude PrivateHeaders -exclude Modules -exclude \*.tbd -resolve-src-symlinks /Applications/Xcode.app/Contents/Developer/Platforms/MacOSX.platform/Developer/Library/PrivateFrameworks/XCTestSupport.framework /Users/niko/Library/Developer/Xcode/DerivedData/APM44Bridge-aqjoooamxkcggabnkfnvyeriywgd/Build/Products/Debug/APM44\ Bridge.app/Contents/Frameworks

CopySwiftLibs /Users/niko/Library/Developer/Xcode/DerivedData/APM44Bridge-aqjoooamxkcggabnkfnvyeriywgd/Build/Products/Debug/APM44\ Bridge.app (in target 'APM44Bridge' from project 'APM44Bridge')
    cd /Users/niko/apm44-bridge/App
    builtin-swiftStdLibTool --copy --verbose --scan-executable /Users/niko/Library/Developer/Xcode/DerivedData/APM44Bridge-aqjoooamxkcggabnkfnvyeriywgd/Build/Products/Debug/APM44\ Bridge.app/Contents/MacOS/APM44\ Bridge.debug.dylib --scan-folder /Users/niko/Library/Developer/Xcode/DerivedData/APM44Bridge-aqjoooamxkcggabnkfnvyeriywgd/Build/Products/Debug/APM44\ Bridge.app/Contents/Frameworks --scan-folder /Users/niko/Library/Developer/Xcode/DerivedData/APM44Bridge-aqjoooamxkcggabnkfnvyeriywgd/Build/Products/Debug/APM44\ Bridge.app/Contents/PlugIns --scan-folder /Users/niko/Library/Developer/Xcode/DerivedData/APM44Bridge-aqjoooamxkcggabnkfnvyeriywgd/Build/Products/Debug/APM44\ Bridge.app/Contents/Library/SystemExtensions --scan-folder /Users/niko/Library/Developer/Xcode/DerivedData/APM44Bridge-aqjoooamxkcggabnkfnvyeriywgd/Build/Products/Debug/APM44\ Bridge.app/Contents/Extensions --platform macosx --toolchain /Applications/Xcode.app/Contents/Developer/Toolchains/XcodeDefault.xctoolchain --destination /Users/niko/Library/Developer/Xcode/DerivedData/APM44Bridge-aqjoooamxkcggabnkfnvyeriywgd/Build/Products/Debug/APM44\ Bridge.app/Contents/Frameworks --strip-bitcode --strip-bitcode-tool /Applications/Xcode.app/Contents/Developer/Toolchains/XcodeDefault.xctoolchain/usr/bin/bitcode_strip --emit-dependency-info /Users/niko/Library/Developer/Xcode/DerivedData/APM44Bridge-aqjoooamxkcggabnkfnvyeriywgd/Build/Intermediates.noindex/APM44Bridge.build/Debug/APM44Bridge.build/SwiftStdLibToolInputDependencies.dep --filter-for-swift-os --back-deploy-swift-span
Ignoring --strip-bitcode because --sign was not passed

Ld /Users/niko/Library/Developer/Xcode/DerivedData/APM44Bridge-aqjoooamxkcggabnkfnvyeriywgd/Build/Products/Debug/APM44\ Bridge.app/Contents/PlugIns/APM44BridgeTests.xctest/Contents/MacOS/APM44BridgeTests normal (in target 'APM44BridgeTests' from project 'APM44Bridge')
    cd /Users/niko/apm44-bridge/App
    /Applications/Xcode.app/Contents/Developer/Toolchains/XcodeDefault.xctoolchain/usr/bin/clang -Xlinker -reproducible -target arm64-apple-macos14.0 -bundle -isysroot /Applications/Xcode.app/Contents/Developer/Platforms/MacOSX.platform/Developer/SDKs/MacOSX26.5.sdk -O0 -L/Users/niko/Library/Developer/Xcode/DerivedData/APM44Bridge-aqjoooamxkcggabnkfnvyeriywgd/Build/Intermediates.noindex/EagerLinkingTBDs/Debug -L/Users/niko/Library/Developer/Xcode/DerivedData/APM44Bridge-aqjoooamxkcggabnkfnvyeriywgd/Build/Products/Debug -L/Applications/Xcode.app/Contents/Developer/Platforms/MacOSX.platform/Developer/usr/lib -F/Users/niko/Library/Developer/Xcode/DerivedData/APM44Bridge-aqjoooamxkcggabnkfnvyeriywgd/Build/Intermediates.noindex/EagerLinkingTBDs/Debug -F/Users/niko/Library/Developer/Xcode/DerivedData/APM44Bridge-aqjoooamxkcggabnkfnvyeriywgd/Build/Products/Debug -iframework /Applications/Xcode.app/Contents/Developer/Platforms/MacOSX.platform/Developer/Library/Frameworks -filelist /Users/niko/Library/Developer/Xcode/DerivedData/APM44Bridge-aqjoooamxkcggabnkfnvyeriywgd/Build/Intermediates.noindex/APM44Bridge.build/Debug/APM44BridgeTests.build/Objects-normal/arm64/APM44BridgeTests.LinkFileList -Xlinker -rpath -Xlinker /usr/lib/swift -Xlinker -rpath -Xlinker @loader_path/../Frameworks -Xlinker -rpath -Xlinker @executable_path/../Frameworks -bundle_loader /Users/niko/Library/Developer/Xcode/DerivedData/APM44Bridge-aqjoooamxkcggabnkfnvyeriywgd/Build/Products/Debug/APM44\ Bridge.app/Contents/MacOS/APM44\ Bridge -Xlinker -object_path_lto -Xlinker /Users/niko/Library/Developer/Xcode/DerivedData/APM44Bridge-aqjoooamxkcggabnkfnvyeriywgd/Build/Intermediates.noindex/APM44Bridge.build/Debug/APM44BridgeTests.build/Objects-normal/arm64/APM44BridgeTests_lto.o -rdynamic -Xlinker -no_deduplicate -Xlinker -dependency_info -Xlinker /Users/niko/Library/Developer/Xcode/DerivedData/APM44Bridge-aqjoooamxkcggabnkfnvyeriywgd/Build/Intermediates.noindex/APM44Bridge.build/Debug/APM44BridgeTests.build/Objects-normal/arm64/APM44BridgeTests_dependency_info.dat -fobjc-link-runtime -L/Applications/Xcode.app/Contents/Developer/Toolchains/XcodeDefault.xctoolchain/usr/lib/swift/macosx -L/usr/lib/swift -Xlinker -add_ast_path -Xlinker /Users/niko/Library/Developer/Xcode/DerivedData/APM44Bridge-aqjoooamxkcggabnkfnvyeriywgd/Build/Intermediates.noindex/APM44Bridge.build/Debug/APM44BridgeTests.build/Objects-normal/arm64/APM44BridgeTests.swiftmodule @/Users/niko/Library/Developer/Xcode/DerivedData/APM44Bridge-aqjoooamxkcggabnkfnvyeriywgd/Build/Intermediates.noindex/APM44Bridge.build/Debug/APM44BridgeTests.build/Objects-normal/arm64/APM44BridgeTests-linker-args.resp -Xlinker -needed_framework -Xlinker XCTest -framework XCTest -Xlinker -needed-lXCTestSwiftSupport -lXCTestSwiftSupport /Users/niko/Library/Developer/Xcode/DerivedData/APM44Bridge-aqjoooamxkcggabnkfnvyeriywgd/Build/Products/Debug/APM44\ Bridge.app/Contents/MacOS/APM44\ Bridge.debug.dylib -o /Users/niko/Library/Developer/Xcode/DerivedData/APM44Bridge-aqjoooamxkcggabnkfnvyeriywgd/Build/Products/Debug/APM44\ Bridge.app/Contents/PlugIns/APM44BridgeTests.xctest/Contents/MacOS/APM44BridgeTests

CopySwiftLibs /Users/niko/Library/Developer/Xcode/DerivedData/APM44Bridge-aqjoooamxkcggabnkfnvyeriywgd/Build/Products/Debug/APM44\ Bridge.app/Contents/PlugIns/APM44BridgeTests.xctest (in target 'APM44BridgeTests' from project 'APM44Bridge')
    cd /Users/niko/apm44-bridge/App
    builtin-swiftStdLibTool --copy --verbose --scan-executable /Users/niko/Library/Developer/Xcode/DerivedData/APM44Bridge-aqjoooamxkcggabnkfnvyeriywgd/Build/Products/Debug/APM44\ Bridge.app/Contents/PlugIns/APM44BridgeTests.xctest/Contents/MacOS/APM44BridgeTests --scan-folder /Users/niko/Library/Developer/Xcode/DerivedData/APM44Bridge-aqjoooamxkcggabnkfnvyeriywgd/Build/Products/Debug/APM44\ Bridge.app/Contents/PlugIns/APM44BridgeTests.xctest/Contents/Frameworks --scan-folder /Users/niko/Library/Developer/Xcode/DerivedData/APM44Bridge-aqjoooamxkcggabnkfnvyeriywgd/Build/Products/Debug/APM44\ Bridge.app/Contents/PlugIns/APM44BridgeTests.xctest/Contents/PlugIns --scan-folder /Users/niko/Library/Developer/Xcode/DerivedData/APM44Bridge-aqjoooamxkcggabnkfnvyeriywgd/Build/Products/Debug/APM44\ Bridge.app/Contents/PlugIns/APM44BridgeTests.xctest/Contents/Library/SystemExtensions --scan-folder /Users/niko/Library/Developer/Xcode/DerivedData/APM44Bridge-aqjoooamxkcggabnkfnvyeriywgd/Build/Products/Debug/APM44\ Bridge.app/Contents/PlugIns/APM44BridgeTests.xctest/Contents/Extensions --platform macosx --toolchain /Applications/Xcode.app/Contents/Developer/Toolchains/XcodeDefault.xctoolchain --destination /Users/niko/Library/Developer/Xcode/DerivedData/APM44Bridge-aqjoooamxkcggabnkfnvyeriywgd/Build/Products/Debug/APM44\ Bridge.app/Contents/PlugIns/APM44BridgeTests.xctest/Contents/Frameworks --strip-bitcode --scan-executable /Applications/Xcode.app/Contents/Developer/Platforms/MacOSX.platform/Developer/usr/lib/libXCTestSwiftSupport.dylib --strip-bitcode-tool /Applications/Xcode.app/Contents/Developer/Toolchains/XcodeDefault.xctoolchain/usr/bin/bitcode_strip --emit-dependency-info /Users/niko/Library/Developer/Xcode/DerivedData/APM44Bridge-aqjoooamxkcggabnkfnvyeriywgd/Build/Intermediates.noindex/APM44Bridge.build/Debug/APM44BridgeTests.build/SwiftStdLibToolInputDependencies.dep --filter-for-swift-os --back-deploy-swift-span
Ignoring --strip-bitcode because --sign was not passed

ExtractAppIntentsMetadata (in target 'APM44BridgeTests' from project 'APM44Bridge')
    cd /Users/niko/apm44-bridge/App
    /Applications/Xcode.app/Contents/Developer/Toolchains/XcodeDefault.xctoolchain/usr/bin/appintentsmetadataprocessor --toolchain-dir /Applications/Xcode.app/Contents/Developer/Toolchains/XcodeDefault.xctoolchain --module-name APM44BridgeTests --sdk-root /Applications/Xcode.app/Contents/Developer/Platforms/MacOSX.platform/Developer/SDKs/MacOSX26.5.sdk --xcode-version 17F42 --platform-family macOS --deployment-target 14.0 --bundle-identifier com.niko.apm44.menu.tests --output /Users/niko/Library/Developer/Xcode/DerivedData/APM44Bridge-aqjoooamxkcggabnkfnvyeriywgd/Build/Products/Debug/APM44\ Bridge.app/Contents/PlugIns/APM44BridgeTests.xctest/Contents/Resources --target-triple arm64-apple-macos14.0 --binary-file /Users/niko/Library/Developer/Xcode/DerivedData/APM44Bridge-aqjoooamxkcggabnkfnvyeriywgd/Build/Products/Debug/APM44\ Bridge.app/Contents/PlugIns/APM44BridgeTests.xctest/Contents/MacOS/APM44BridgeTests --dependency-file /Users/niko/Library/Developer/Xcode/DerivedData/APM44Bridge-aqjoooamxkcggabnkfnvyeriywgd/Build/Intermediates.noindex/APM44Bridge.build/Debug/APM44BridgeTests.build/Objects-normal/arm64/APM44BridgeTests_dependency_info.dat --stringsdata-file /Users/niko/Library/Developer/Xcode/DerivedData/APM44Bridge-aqjoooamxkcggabnkfnvyeriywgd/Build/Intermediates.noindex/APM44Bridge.build/Debug/APM44BridgeTests.build/Objects-normal/arm64/ExtractedAppShortcutsMetadata.stringsdata --source-file-list /Users/niko/Library/Developer/Xcode/DerivedData/APM44Bridge-aqjoooamxkcggabnkfnvyeriywgd/Build/Intermediates.noindex/APM44Bridge.build/Debug/APM44BridgeTests.build/Objects-normal/arm64/APM44BridgeTests.SwiftFileList --metadata-file-list /Users/niko/Library/Developer/Xcode/DerivedData/APM44Bridge-aqjoooamxkcggabnkfnvyeriywgd/Build/Intermediates.noindex/APM44Bridge.build/Debug/APM44BridgeTests.build/APM44BridgeTests.DependencyMetadataFileList --static-metadata-file-list /Users/niko/Library/Developer/Xcode/DerivedData/APM44Bridge-aqjoooamxkcggabnkfnvyeriywgd/Build/Intermediates.noindex/APM44Bridge.build/Debug/APM44BridgeTests.build/APM44BridgeTests.DependencyStaticMetadataFileList --swift-const-vals-list /Users/niko/Library/Developer/Xcode/DerivedData/APM44Bridge-aqjoooamxkcggabnkfnvyeriywgd/Build/Intermediates.noindex/APM44Bridge.build/Debug/APM44BridgeTests.build/Objects-normal/arm64/APM44BridgeTests.SwiftConstValuesFileList --compile-time-extraction --deployment-aware-processing --validate-assistant-intents --no-app-shortcuts-localization
2026-06-12 01:36:59.992 appintentsmetadataprocessor[78145:4780715] Starting appintentsmetadataprocessor export
2026-06-12 01:36:59.993 appintentsmetadataprocessor[78145:4780715] warning: Metadata extraction skipped. No AppIntents.framework dependency found.

RegisterExecutionPolicyException /Users/niko/Library/Developer/Xcode/DerivedData/APM44Bridge-aqjoooamxkcggabnkfnvyeriywgd/Build/Products/Debug/APM44\ Bridge.app/Contents/PlugIns/APM44BridgeTests.xctest (in target 'APM44BridgeTests' from project 'APM44Bridge')
    cd /Users/niko/apm44-bridge/App
    builtin-RegisterExecutionPolicyException /Users/niko/Library/Developer/Xcode/DerivedData/APM44Bridge-aqjoooamxkcggabnkfnvyeriywgd/Build/Products/Debug/APM44\ Bridge.app/Contents/PlugIns/APM44BridgeTests.xctest

Touch /Users/niko/Library/Developer/Xcode/DerivedData/APM44Bridge-aqjoooamxkcggabnkfnvyeriywgd/Build/Products/Debug/APM44\ Bridge.app/Contents/PlugIns/APM44BridgeTests.xctest (in target 'APM44BridgeTests' from project 'APM44Bridge')
    cd /Users/niko/apm44-bridge/App
    /usr/bin/touch -c /Users/niko/Library/Developer/Xcode/DerivedData/APM44Bridge-aqjoooamxkcggabnkfnvyeriywgd/Build/Products/Debug/APM44\ Bridge.app/Contents/PlugIns/APM44BridgeTests.xctest

Validate /Users/niko/Library/Developer/Xcode/DerivedData/APM44Bridge-aqjoooamxkcggabnkfnvyeriywgd/Build/Products/Debug/APM44\ Bridge.app (in target 'APM44Bridge' from project 'APM44Bridge')
    cd /Users/niko/apm44-bridge/App
    builtin-validationUtility /Users/niko/Library/Developer/Xcode/DerivedData/APM44Bridge-aqjoooamxkcggabnkfnvyeriywgd/Build/Products/Debug/APM44\ Bridge.app -no-validate-extension -infoplist-subpath Contents/Info.plist

RegisterWithLaunchServices /Users/niko/Library/Developer/Xcode/DerivedData/APM44Bridge-aqjoooamxkcggabnkfnvyeriywgd/Build/Products/Debug/APM44\ Bridge.app (in target 'APM44Bridge' from project 'APM44Bridge')
    cd /Users/niko/apm44-bridge/App
    /System/Library/Frameworks/CoreServices.framework/Versions/Current/Frameworks/LaunchServices.framework/Versions/Current/Support/lsregister -f -R -trusted /Users/niko/Library/Developer/Xcode/DerivedData/APM44Bridge-aqjoooamxkcggabnkfnvyeriywgd/Build/Products/Debug/APM44\ Bridge.app

2026-06-12 01:37:00.379601+0200 APM44 Bridge[78148:4780736] [plugin] AddInstanceForFactory: No factory registered for id <CFUUID 0x999475040> F8BB1C28-BAE8-11D6-9C31-00039315CD46
2026-06-12 01:37:00.445296+0200 APM44 Bridge[78148:4780756] [Connection] Unable to get synchronousRemoteObjectProxy, error: Error Domain=NSCocoaErrorDomain Code=4097 "connection to service named com.apple.linkd.autoShortcut" UserInfo={NSDebugDescription=connection to service named com.apple.linkd.autoShortcut}
2026-06-12 01:37:00.445336+0200 APM44 Bridge[78148:4780756] [Application] Error registering app with intents framework: Error Domain=NSCocoaErrorDomain Code=4097 "connection to service named com.apple.linkd.autoShortcut" UserInfo={NSDebugDescription=connection to service named com.apple.linkd.autoShortcut}
2026-06-12 01:37:00.445632+0200 APM44 Bridge[78148:4780803] [Connection] Unable to get synchronousRemoteObjectProxy, error: Error Domain=NSCocoaErrorDomain Code=4097 "connection to service named com.apple.linkd.autoShortcut" UserInfo={NSDebugDescription=connection to service named com.apple.linkd.autoShortcut}
2026-06-12 01:37:00.445649+0200 APM44 Bridge[78148:4780803] [Connection] Unable to re-register with Process Instance Registry, error: Error Domain=NSCocoaErrorDomain Code=4097 "connection to service named com.apple.linkd.autoShortcut" UserInfo={NSDebugDescription=connection to service named com.apple.linkd.autoShortcut}
2026-06-12 01:37:00.445927+0200 APM44 Bridge[78148:4780755] [Connection] Unable to get synchronousRemoteObjectProxy, error: Error Domain=NSCocoaErrorDomain Code=4097 "connection to service named com.apple.linkd.autoShortcut" UserInfo={NSDebugDescription=connection to service named com.apple.linkd.autoShortcut}
2026-06-12 01:37:00.445938+0200 APM44 Bridge[78148:4780755] [Connection] Unable to re-register with Process Instance Registry, error: Error Domain=NSCocoaErrorDomain Code=4097 "connection to service named com.apple.linkd.autoShortcut" UserInfo={NSDebugDescription=connection to service named com.apple.linkd.autoShortcut}
2026-06-12 01:37:00.446163+0200 APM44 Bridge[78148:4780755] [Connection] Will NOT re-try to establish the connection
2026-06-12 01:37:00.446185+0200 APM44 Bridge[78148:4780803] [Connection] Unable to get synchronousRemoteObjectProxy, error: Error Domain=NSCocoaErrorDomain Code=4097 "connection to service named com.apple.linkd.autoShortcut" UserInfo={NSDebugDescription=connection to service named com.apple.linkd.autoShortcut}
2026-06-12 01:37:00.446197+0200 APM44 Bridge[78148:4780803] [Connection] Unable to re-register with Process Instance Registry, error: Error Domain=NSCocoaErrorDomain Code=4097 "connection to service named com.apple.linkd.autoShortcut" UserInfo={NSDebugDescription=connection to service named com.apple.linkd.autoShortcut}
2026-06-12 01:37:00.492482+0200 APM44 Bridge[78148:4780736] [General] Accessibility: Not vending elements because elementWindow(25) is lower than shield(2001)
Test Suite 'All tests' started at 2026-06-12 01:37:00.529.
Test Suite 'APM44BridgeTests.xctest' started at 2026-06-12 01:37:00.529.
Test Suite 'BridgeProcessManagerTests' started at 2026-06-12 01:37:00.529.
Test Case '-[APM44BridgeTests.BridgeProcessManagerTests testConcurrentTerminationWaitersAllComplete]' started.
Test Case '-[APM44BridgeTests.BridgeProcessManagerTests testConcurrentTerminationWaitersAllComplete]' passed (0.024 seconds).
Test Case '-[APM44BridgeTests.BridgeProcessManagerTests testDisconnectWhileIdleStaysIdle]' started.
Test Case '-[APM44BridgeTests.BridgeProcessManagerTests testDisconnectWhileIdleStaysIdle]' passed (0.003 seconds).
Test Case '-[APM44BridgeTests.BridgeProcessManagerTests testDisconnectWhileRunningEntersReconnecting]' started.
Test Case '-[APM44BridgeTests.BridgeProcessManagerTests testDisconnectWhileRunningEntersReconnecting]' passed (0.006 seconds).
Test Case '-[APM44BridgeTests.BridgeProcessManagerTests testErrorToStarting]' started.
Test Case '-[APM44BridgeTests.BridgeProcessManagerTests testErrorToStarting]' passed (0.001 seconds).
Test Case '-[APM44BridgeTests.BridgeProcessManagerTests testHotplugWhileIdleDoesNotStartBridge]' started.
Test Case '-[APM44BridgeTests.BridgeProcessManagerTests testHotplugWhileIdleDoesNotStartBridge]' passed (0.003 seconds).
Test Case '-[APM44BridgeTests.BridgeProcessManagerTests testHotplugWhileIdleRefreshesDevices]' started.
Test Case '-[APM44BridgeTests.BridgeProcessManagerTests testHotplugWhileIdleRefreshesDevices]' passed (0.004 seconds).
Test Case '-[APM44BridgeTests.BridgeProcessManagerTests testHotplugWhileRunningStillRestarts]' started.
Test Case '-[APM44BridgeTests.BridgeProcessManagerTests testHotplugWhileRunningStillRestarts]' passed (0.007 seconds).
Test Case '-[APM44BridgeTests.BridgeProcessManagerTests testIdleToRunning]' started.
Test Case '-[APM44BridgeTests.BridgeProcessManagerTests testIdleToRunning]' passed (0.001 seconds).
Test Case '-[APM44BridgeTests.BridgeProcessManagerTests testInvalidSelectedDeviceCleared]' started.
Test Case '-[APM44BridgeTests.BridgeProcessManagerTests testInvalidSelectedDeviceCleared]' passed (0.001 seconds).
Test Case '-[APM44BridgeTests.BridgeProcessManagerTests testReconnectAfterDisconnectAutoStarts]' started.
Test Case '-[APM44BridgeTests.BridgeProcessManagerTests testReconnectAfterDisconnectAutoStarts]' passed (0.009 seconds).
Test Case '-[APM44BridgeTests.BridgeProcessManagerTests testRecoverableStaleRingExitTriggersRetry]' started.
Test Case '-[APM44BridgeTests.BridgeProcessManagerTests testRecoverableStaleRingExitTriggersRetry]' passed (0.001 seconds).
Test Case '-[APM44BridgeTests.BridgeProcessManagerTests testRetryBackoffDelays]' started.
Test Case '-[APM44BridgeTests.BridgeProcessManagerTests testRetryBackoffDelays]' passed (0.031 seconds).
Test Case '-[APM44BridgeTests.BridgeProcessManagerTests testRetryExhaustionFromZeroAttempt]' started.
Test Case '-[APM44BridgeTests.BridgeProcessManagerTests testRetryExhaustionFromZeroAttempt]' passed (0.012 seconds).
Test Case '-[APM44BridgeTests.BridgeProcessManagerTests testRetryExhaustionLandsInError]' started.
Test Case '-[APM44BridgeTests.BridgeProcessManagerTests testRetryExhaustionLandsInError]' passed (0.001 seconds).
Test Case '-[APM44BridgeTests.BridgeProcessManagerTests testRunningToIdleViaUserStop]' started.
Test Case '-[APM44BridgeTests.BridgeProcessManagerTests testRunningToIdleViaUserStop]' passed (0.001 seconds).
Test Case '-[APM44BridgeTests.BridgeProcessManagerTests testRunningUnexpectedExit]' started.
Test Case '-[APM44BridgeTests.BridgeProcessManagerTests testRunningUnexpectedExit]' passed (0.001 seconds).
Test Case '-[APM44BridgeTests.BridgeProcessManagerTests testSettingsRestartWaitsForTermination]' started.
Test Case '-[APM44BridgeTests.BridgeProcessManagerTests testSettingsRestartWaitsForTermination]' passed (0.254 seconds).
Test Case '-[APM44BridgeTests.BridgeProcessManagerTests testSettingsRestartWhileIdleDoesNotStart]' started.
Test Case '-[APM44BridgeTests.BridgeProcessManagerTests testSettingsRestartWhileIdleDoesNotStart]' passed (0.103 seconds).
Test Case '-[APM44BridgeTests.BridgeProcessManagerTests testStaleRingFailureMessageIsActionable]' started.
Test Case '-[APM44BridgeTests.BridgeProcessManagerTests testStaleRingFailureMessageIsActionable]' passed (0.002 seconds).
Test Case '-[APM44BridgeTests.BridgeProcessManagerTests testStartFromErrorState]' started.
Test Case '-[APM44BridgeTests.BridgeProcessManagerTests testStartFromErrorState]' passed (0.002 seconds).
Test Case '-[APM44BridgeTests.BridgeProcessManagerTests testUnexpectedExitSchedulesRetry]' started.
Test Case '-[APM44BridgeTests.BridgeProcessManagerTests testUnexpectedExitSchedulesRetry]' passed (0.001 seconds).
Test Case '-[APM44BridgeTests.BridgeProcessManagerTests testUserStopClearsWasRunningFlag]' started.
Test Case '-[APM44BridgeTests.BridgeProcessManagerTests testUserStopClearsWasRunningFlag]' passed (0.001 seconds).
Test Case '-[APM44BridgeTests.BridgeProcessManagerTests testUserStopDoesNotSetRecoverableFlag]' started.
Test Case '-[APM44BridgeTests.BridgeProcessManagerTests testUserStopDoesNotSetRecoverableFlag]' passed (0.002 seconds).
Test Case '-[APM44BridgeTests.BridgeProcessManagerTests testUserStopNoAutoRetry]' started.
Test Case '-[APM44BridgeTests.BridgeProcessManagerTests testUserStopNoAutoRetry]' passed (0.052 seconds).
Test Case '-[APM44BridgeTests.BridgeProcessManagerTests testUserStopSuppressesStaleRingRetry]' started.
Test Case '-[APM44BridgeTests.BridgeProcessManagerTests testUserStopSuppressesStaleRingRetry]' passed (0.054 seconds).
Test Suite 'BridgeProcessManagerTests' passed at 2026-06-12 01:37:01.110.
	 Executed 25 tests, with 0 failures (0 unexpected) in 0.575 (0.581) seconds
Test Suite 'DeviceCatalogTests' started at 2026-06-12 01:37:01.110.
Test Case '-[APM44BridgeTests.DeviceCatalogTests testFilterExcludesAPM44Bridge]' started.
Test Case '-[APM44BridgeTests.DeviceCatalogTests testFilterExcludesAPM44Bridge]' passed (0.001 seconds).
Test Case '-[APM44BridgeTests.DeviceCatalogTests testFilterExcludesBlackHole]' started.
Test Case '-[APM44BridgeTests.DeviceCatalogTests testFilterExcludesBlackHole]' passed (0.001 seconds).
Test Case '-[APM44BridgeTests.DeviceCatalogTests testFilterKeepsPhysicalUSB]' started.
Test Case '-[APM44BridgeTests.DeviceCatalogTests testFilterKeepsPhysicalUSB]' passed (0.001 seconds).
Test Case '-[APM44BridgeTests.DeviceCatalogTests testParsesOutputsOnly]' started.
Test Case '-[APM44BridgeTests.DeviceCatalogTests testParsesOutputsOnly]' passed (0.001 seconds).
Test Case '-[APM44BridgeTests.DeviceCatalogTests testPreferredDefaultPicksAirPods]' started.
Test Case '-[APM44BridgeTests.DeviceCatalogTests testPreferredDefaultPicksAirPods]' passed (0.001 seconds).
Test Suite 'DeviceCatalogTests' passed at 2026-06-12 01:37:01.118.
	 Executed 5 tests, with 0 failures (0 unexpected) in 0.006 (0.009) seconds
Test Suite 'HalDriverDetectorTests' started at 2026-06-12 01:37:01.119.
Test Case '-[APM44BridgeTests.HalDriverDetectorTests testConnectionPhaseLabels]' started.
Test Case '-[APM44BridgeTests.HalDriverDetectorTests testConnectionPhaseLabels]' passed (0.001 seconds).
Test Case '-[APM44BridgeTests.HalDriverDetectorTests testHalDetectorConstants]' started.
Test Case '-[APM44BridgeTests.HalDriverDetectorTests testHalDetectorConstants]' passed (0.001 seconds).
Test Case '-[APM44BridgeTests.HalDriverDetectorTests testRoutingModeLabels]' started.
Test Case '-[APM44BridgeTests.HalDriverDetectorTests testRoutingModeLabels]' passed (0.001 seconds).
Test Suite 'HalDriverDetectorTests' passed at 2026-06-12 01:37:01.123.
	 Executed 3 tests, with 0 failures (0 unexpected) in 0.002 (0.004) seconds
Test Suite 'LatencyPresetTests' started at 2026-06-12 01:37:01.123.
Test Case '-[APM44BridgeTests.LatencyPresetTests testCliFlags]' started.
Test Case '-[APM44BridgeTests.LatencyPresetTests testCliFlags]' passed (0.001 seconds).
Test Case '-[APM44BridgeTests.LatencyPresetTests testDefaultSrcQuality]' started.
Test Case '-[APM44BridgeTests.LatencyPresetTests testDefaultSrcQuality]' passed (0.001 seconds).
Test Case '-[APM44BridgeTests.LatencyPresetTests testHalEffectiveTargetFill]' started.
Test Case '-[APM44BridgeTests.LatencyPresetTests testHalEffectiveTargetFill]' passed (0.001 seconds).
Test Case '-[APM44BridgeTests.LatencyPresetTests testHalTargetDescription]' started.
Test Case '-[APM44BridgeTests.LatencyPresetTests testHalTargetDescription]' passed (0.001 seconds).
Test Case '-[APM44BridgeTests.LatencyPresetTests testTargetFillValues]' started.
Test Case '-[APM44BridgeTests.LatencyPresetTests testTargetFillValues]' passed (0.001 seconds).
Test Suite 'LatencyPresetTests' passed at 2026-06-12 01:37:01.130.
	 Executed 5 tests, with 0 failures (0 unexpected) in 0.004 (0.007) seconds
Test Suite 'MetricsParserTests' started at 2026-06-12 01:37:01.130.
Test Case '-[APM44BridgeTests.MetricsParserTests testLatencyLabelFormat]' started.
Test Case '-[APM44BridgeTests.MetricsParserTests testLatencyLabelFormat]' passed (0.001 seconds).
Test Case '-[APM44BridgeTests.MetricsParserTests testMalformedLineReturnsNil]' started.
Test Case '-[APM44BridgeTests.MetricsParserTests testMalformedLineReturnsNil]' passed (0.001 seconds).
Test Case '-[APM44BridgeTests.MetricsParserTests testRecoveriesDecodeSeparatelyFromHardXruns]' started.
Test Case '-[APM44BridgeTests.MetricsParserTests testRecoveriesDecodeSeparatelyFromHardXruns]' passed (0.001 seconds).
Test Case '-[APM44BridgeTests.MetricsParserTests testValidLineDecodes]' started.
Test Case '-[APM44BridgeTests.MetricsParserTests testValidLineDecodes]' passed (0.001 seconds).
Test Suite 'MetricsParserTests' passed at 2026-06-12 01:37:01.135.
	 Executed 4 tests, with 0 failures (0 unexpected) in 0.003 (0.004) seconds
Test Suite 'APM44BridgeTests.xctest' passed at 2026-06-12 01:37:01.135.
	 Executed 42 tests, with 0 failures (0 unexpected) in 0.590 (0.606) seconds
Test Suite 'All tests' passed at 2026-06-12 01:37:01.135.
	 Executed 42 tests, with 0 failures (0 unexpected) in 0.590 (0.607) seconds
2026-06-12 01:37:01.414 xcodebuild[78119:4780556] [MT] IDETestOperationsObserverDebug: 1.386 elapsed -- Testing started completed.
2026-06-12 01:37:01.414 xcodebuild[78119:4780556] [MT] IDETestOperationsObserverDebug: 0.000 sec, +0.000 sec -- start
2026-06-12 01:37:01.414 xcodebuild[78119:4780556] [MT] IDETestOperationsObserverDebug: 1.386 sec, +1.386 sec -- end

Test session results, code coverage, and logs:
	/Users/niko/Library/Developer/Xcode/DerivedData/APM44Bridge-aqjoooamxkcggabnkfnvyeriywgd/Logs/Test/Test-APM44Bridge-2026.06.12_01-36-59-+0200.xcresult

** TEST SUCCEEDED **

Testing started
== Installed-sync dry-run ==
APM44 installed sync verification
App:    /Users/niko/apm44-bridge/build/Release/APM44 Bridge.app
Repo:   /Users/niko/apm44-bridge/build/BridgeDaemon/apm44-bridge
Helper: /Users/niko/apm44-bridge/build/Release/APM44 Bridge.app/Contents/MacOS/apm44-bridge

repo_build_id=0.1.1+4fd2f6d43cf7-dirty
helper_build_id=0.1.1+4fd2f6d43cf7-dirty
OK: repo and embedded helper match (0.1.1+4fd2f6d43cf7-dirty)
dry-run: skipping live --shm-status (no running bridge required)
ci: OK
